> Task :app:preBuild UP-TO-DATE
> Task :app:preDebugBuild UP-TO-DATE
> Task :app:mergeDebugNativeDebugMetadata NO-SOURCE
> Task :app:checkKotlinGradlePluginConfigurationErrors SKIPPED
> Task :app:checkDebugAarMetadata UP-TO-DATE
> Task :app:processDebugNavigationResources UP-TO-DATE
> Task :app:compileDebugNavigationResources UP-TO-DATE
> Task :app:generateDebugResValues UP-TO-DATE
> Task :app:mapDebugSourceSetPaths UP-TO-DATE
> Task :app:generateDebugResources UP-TO-DATE
> Task :app:mergeDebugResources UP-TO-DATE
> Task :app:packageDebugResources UP-TO-DATE
> Task :app:parseDebugLocalResources UP-TO-DATE
> Task :app:createDebugCompatibleScreenManifests UP-TO-DATE
> Task :app:extractDeepLinksDebug UP-TO-DATE
> Task :app:processDebugMainManifest UP-TO-DATE
> Task :app:processDebugManifest UP-TO-DATE
> Task :app:processDebugManifestForPackage UP-TO-DATE
> Task :app:processDebugResources UP-TO-DATE
> Task :app:javaPreCompileDebug UP-TO-DATE
> Task :app:mergeDebugShaders UP-TO-DATE
> Task :app:compileDebugShaders NO-SOURCE
> Task :app:generateDebugAssets UP-TO-DATE
> Task :app:mergeDebugAssets UP-TO-DATE
> Task :app:compressDebugAssets UP-TO-DATE
> Task :app:checkDebugDuplicateClasses UP-TO-DATE
> Task :app:desugarDebugFileDependencies UP-TO-DATE
> Task :app:mergeExtDexDebug UP-TO-DATE
> Task :app:mergeLibDexDebug UP-TO-DATE
> Task :app:mergeDebugJniLibFolders UP-TO-DATE
> Task :app:mergeDebugNativeLibs UP-TO-DATE
> Task :app:stripDebugDebugSymbols UP-TO-DATE
> Task :app:validateSigningDebug UP-TO-DATE
> Task :app:writeDebugAppMetadata UP-TO-DATE
> Task :app:writeDebugSigningConfigVersions UP-TO-DATE

> Task :app:compileDebugKotlin FAILED
./gradlew : e: file:///C:
/Users/PC-01/AndroidStudi
oProjects/ImpostorGame/ap
p/src/main/java/com/examp
le/impostorgame/ui/screen
s/ImpostorRevealScreen.kt
:197:17 'fun ColumnScope.
AnimatedVisibility(visibl
e: Boolean, modifier: 
Modifier = ..., enter: 
EnterTransition = ..., 
exit: ExitTransition = 
..., label: String = 
..., content: 
@Composable() ComposableF
unction1<AnimatedVisibili
tyScope, Unit>): Unit' 
cannot be called in this 
context with an implicit 
receiver. Use an 
explicit receiver if 
necessary.
At line:1 char:1
+ ./gradlew 
assembleDebug > 
build_output.txt 2>&1; 
cat build_output.txt ...
+ ~~~~~~~~~~~~~~~~~~~~~~~
~~~~~~~~~~~~~~~~~~~~~~~~
    + CategoryInfo       
       : NotSpecified:   
  (e: file:///C:/U...r   
  if necessary.:Strin    
g) [], RemoteExcepti    
on
    + FullyQualifiedErro 
   rId : NativeCommandE  
  rror
 
e: file:///C:/Users/PC-01
/AndroidStudioProjects/Im
postorGame/app/src/main/j
ava/com/example/impostorg
ame/ui/screens/ImpostorRe
vealScreen.kt:202:21 
@Composable invocations 
can only happen from the 
context of a @Composable 
function
e: file:///C:/Users/PC-01
/AndroidStudioProjects/Im
postorGame/app/src/main/j
ava/com/example/impostorg
ame/ui/screens/RoleReveal
Screen.kt:98:17 'fun Colu
mnScope.AnimatedVisibilit
y(visible: Boolean, 
modifier: Modifier = 
..., enter: 
EnterTransition = ..., 
exit: ExitTransition = 
..., label: String = 
..., content: 
@Composable() ComposableF
unction1<AnimatedVisibili
tyScope, Unit>): Unit' 
cannot be called in this 
context with an implicit 
receiver. Use an 
explicit receiver if 
necessary.
e: file:///C:/Users/PC-01
/AndroidStudioProjects/Im
postorGame/app/src/main/j
ava/com/example/impostorg
ame/ui/screens/RoleReveal
Screen.kt:103:21 
@Composable invocations 
can only happen from the 
context of a @Composable 
function

FAILURE: Build failed 
with an exception.

* What went wrong:
Execution failed for 
task ':app:compileDebugKo
tlin'.
> A failure occurred 
while executing org.jetbr
ains.kotlin.compilerRunne
r.GradleCompilerRunnerWit
hWorkers$GradleKotlinComp
ilerWorkAction
30 actionable tasks: 1 executed, 29 up-to-date
   > Compilation error. 
See log for more details

* Try:
> Run with --stacktrace 
option to get the stack 
trace.
> Run with --info or 
--debug option to get 
more log output.
> Run with --scan to get 
full insights.
> Get more help at 
https://help.gradle.org.

BUILD FAILED in 3s
